// Jest Snapshot v1, https://goo.gl/fbAQLP

exports[`can do multiple assertions 1`] = `
Object {
  "action": Object {
    "type": "FOO",
  },
  "state": Object {
    "foo": "bar",
  },
}
`;

exports[`can test reducer 1`] = `
Object {
  "action": Object {
    "type": "FOO",
  },
  "state": Object {
    "foo": "bar",
  },
}
`;

exports[`can test reducer with factory 1`] = `
Object {
  "action": Object {
    "type": "FOO",
  },
  "state": Object {
    "foo": "bar",
  },
}
`;
